Archive member included to satisfy reference by file (symbol)

C:/ST/STM32CubeIDE_1.16.0/STM32CubeIDE/plugins/com.st.stm32cube.ide.mcu.externaltools.gnu-tools-for-stm32.12.3.rel1.win32_1.0.200.202406191623/tools/bin/../lib/gcc/arm-none-eabi/12.3.1/../../../../arm-none-eabi/lib/thumb/v7e-m+fp/hard\libc_nano.a(libc_a-exit.o)
                              C:/ST/STM32CubeIDE_1.16.0/STM32CubeIDE/plugins/com.st.stm32cube.ide.mcu.externaltools.gnu-tools-for-stm32.12.3.rel1.win32_1.0.200.202406191623/tools/bin/../lib/gcc/arm-none-eabi/12.3.1/../../../../arm-none-eabi/lib/thumb/v7e-m+fp/hard/crt0.o (exit)
C:/ST/STM32CubeIDE_1.16.0/STM32CubeIDE/plugins/com.st.stm32cube.ide.mcu.externaltools.gnu-tools-for-stm32.12.3.rel1.win32_1.0.200.202406191623/tools/bin/../lib/gcc/arm-none-eabi/12.3.1/../../../../arm-none-eabi/lib/thumb/v7e-m+fp/hard\libc_nano.a(libc_a-strtol.o)
                              ./Core/Src/main.o (strtol)
C:/ST/STM32CubeIDE_1.16.0/STM32CubeIDE/plugins/com.st.stm32cube.ide.mcu.externaltools.gnu-tools-for-stm32.12.3.rel1.win32_1.0.200.202406191623/tools/bin/../lib/gcc/arm-none-eabi/12.3.1/../../../../arm-none-eabi/lib/thumb/v7e-m+fp/hard\libc_nano.a(libc_a-ctype_.o)
                              C:/ST/STM32CubeIDE_1.16.0/STM32CubeIDE/plugins/com.st.stm32cube.ide.mcu.externaltools.gnu-tools-for-stm32.12.3.rel1.win32_1.0.200.202406191623/tools/bin/../lib/gcc/arm-none-eabi/12.3.1/../../../../arm-none-eabi/lib/thumb/v7e-m+fp/hard\libc_nano.a(libc_a-strtol.o) (_ctype_)
C:/ST/STM32CubeIDE_1.16.0/STM32CubeIDE/plugins/com.st.stm32cube.ide.mcu.externaltools.gnu-tools-for-stm32.12.3.rel1.win32_1.0.200.202406191623/tools/bin/../lib/gcc/arm-none-eabi/12.3.1/../../../../arm-none-eabi/lib/thumb/v7e-m+fp/hard\libc_nano.a(libc_a-findfp.o)
                              C:/ST/STM32CubeIDE_1.16.0/STM32CubeIDE/plugins/com.st.stm32cube.ide.mcu.externaltools.gnu-tools-for-stm32.12.3.rel1.win32_1.0.200.202406191623/tools/bin/../lib/gcc/arm-none-eabi/12.3.1/../../../../arm-none-eabi/lib/thumb/v7e-m+fp/hard\libc_nano.a(libc_a-exit.o) (__stdio_exit_handler)
C:/ST/STM32CubeIDE_1.16.0/STM32CubeIDE/plugins/com.st.stm32cube.ide.mcu.externaltools.gnu-tools-for-stm32.12.3.rel1.win32_1.0.200.202406191623/tools/bin/../lib/gcc/arm-none-eabi/12.3.1/../../../../arm-none-eabi/lib/thumb/v7e-m+fp/hard\libc_nano.a(libc_a-fwalk.o)
                              C:/ST/STM32CubeIDE_1.16.0/STM32CubeIDE/plugins/com.st.stm32cube.ide.mcu.externaltools.gnu-tools-for-stm32.12.3.rel1.win32_1.0.200.202406191623/tools/bin/../lib/gcc/arm-none-eabi/12.3.1/../../../../arm-none-eabi/lib/thumb/v7e-m+fp/hard\libc_nano.a(libc_a-findfp.o) (_fwalk_sglue)
C:/ST/STM32CubeIDE_1.16.0/STM32CubeIDE/plugins/com.st.stm32cube.ide.mcu.externaltools.gnu-tools-for-stm32.12.3.rel1.win32_1.0.200.202406191623/tools/bin/../lib/gcc/arm-none-eabi/12.3.1/../../../../arm-none-eabi/lib/thumb/v7e-m+fp/hard\libc_nano.a(libc_a-stdio.o)
                              C:/ST/STM32CubeIDE_1.16.0/STM32CubeIDE/plugins/com.st.stm32cube.ide.mcu.externaltools.gnu-tools-for-stm32.12.3.rel1.win32_1.0.200.202406191623/tools/bin/../lib/gcc/arm-none-eabi/12.3.1/../../../../arm-none-eabi/lib/thumb/v7e-m+fp/hard\libc_nano.a(libc_a-findfp.o) (__sread)
C:/ST/STM32CubeIDE_1.16.0/STM32CubeIDE/plugins/com.st.stm32cube.ide.mcu.externaltools.gnu-tools-for-stm32.12.3.rel1.win32_1.0.200.202406191623/tools/bin/../lib/gcc/arm-none-eabi/12.3.1/../../../../arm-none-eabi/lib/thumb/v7e-m+fp/hard\libc_nano.a(libc_a-memset.o)
                              C:/ST/STM32CubeIDE_1.16.0/STM32CubeIDE/plugins/com.st.stm32cube.ide.mcu.externaltools.gnu-tools-for-stm32.12.3.rel1.win32_1.0.200.202406191623/tools/bin/../lib/gcc/arm-none-eabi/12.3.1/../../../../arm-none-eabi/lib/thumb/v7e-m+fp/hard/crt0.o (memset)
C:/ST/STM32CubeIDE_1.16.0/STM32CubeIDE/plugins/com.st.stm32cube.ide.mcu.externaltools.gnu-tools-for-stm32.12.3.rel1.win32_1.0.200.202406191623/tools/bin/../lib/gcc/arm-none-eabi/12.3.1/../../../../arm-none-eabi/lib/thumb/v7e-m+fp/hard\libc_nano.a(libc_a-closer.o)
                              C:/ST/STM32CubeIDE_1.16.0/STM32CubeIDE/plugins/com.st.stm32cube.ide.mcu.externaltools.gnu-tools-for-stm32.12.3.rel1.win32_1.0.200.202406191623/tools/bin/../lib/gcc/arm-none-eabi/12.3.1/../../../../arm-none-eabi/lib/thumb/v7e-m+fp/hard\libc_nano.a(libc_a-stdio.o) (_close_r)
C:/ST/STM32CubeIDE_1.16.0/STM32CubeIDE/plugins/com.st.stm32cube.ide.mcu.externaltools.gnu-tools-for-stm32.12.3.rel1.win32_1.0.200.202406191623/tools/bin/../lib/gcc/arm-none-eabi/12.3.1/../../../../arm-none-eabi/lib/thumb/v7e-m+fp/hard\libc_nano.a(libc_a-reent.o)
                              C:/ST/STM32CubeIDE_1.16.0/STM32CubeIDE/plugins/com.st.stm32cube.ide.mcu.externaltools.gnu-tools-for-stm32.12.3.rel1.win32_1.0.200.202406191623/tools/bin/../lib/gcc/arm-none-eabi/12.3.1/../../../../arm-none-eabi/lib/thumb/v7e-m+fp/hard\libc_nano.a(libc_a-closer.o) (errno)
[...]
Memory Configuration

Name             Origin             Length             Attributes
RAM              0x20000000         0x00010000         xrw
RAM2             0x10000000         0x00004000         xrw
FLASH            0x08000000         0x00040000         xr
*default*        0x00000000         0xffffffff

Linker script and memory map

LOAD C:/ST/STM32CubeIDE_1.16.0/STM32CubeIDE/plugins/com.st.stm32cube.ide.mcu.externaltools.gnu-tools-for-stm32.12.3.rel1.win32_1.0.200.202406191623/tools/bin/../lib/gcc/arm-none-eabi/12.3.1/thumb/v7e-m+fp/hard/crti.o
LOAD C:/ST/STM32CubeIDE_1.16.0/STM32CubeIDE/plugins/com.st.stm32cube.ide.mcu.externaltools.gnu-tools-for-stm32.12.3.rel1.win32_1.0.200.202406191623/tools/bin/../lib/gcc/arm-none-eabi/12.3.1/thumb/v7e-m+fp/hard/crtbegin.o
LOAD C:/ST/STM32CubeIDE_1.16.0/STM32CubeIDE/plugins/com.st.stm32cube.ide.mcu.externaltools.gnu-tools-for-stm32.12.3.rel1.win32_1.0.200.202406191623/tools/bin/../lib/gcc/arm-none-eabi/12.3.1/../../../../arm-none-eabi/lib/thumb/v7e-m+fp/hard/crt0.o
LOAD ./Core/Src/main.o
LOAD ./Core/Src/system_stm32l4xx.o
LOAD ./Core/Src/uart.o
LOAD ./Core/Startup/startup_stm32l432kcux.o
START GROUP
LOAD C:/ST/STM32CubeIDE_1.16.0/STM32CubeIDE/plugins/com.st.stm32cube.ide.mcu.externaltools.gnu-tools-for-stm32.12.3.rel1.win32_1.0.200.202406191623/tools/bin/../lib/gcc/arm-none-eabi/12.3.1/../../../../arm-none-eabi/lib/thumb/v7e-m+fp/hard\libstdc++_nano.a
LOAD C:/ST/STM32CubeIDE_1.16.0/STM32CubeIDE/plugins/com.st.stm32cube.ide.mcu.externaltools.gnu-tools-for-stm32.12.3.rel1.win32_1.0.200.202406191623/tools/bin/../lib/gcc/arm-none-eabi/12.3.1/../../../../arm-none-eabi/lib/thumb/v7e-m+fp/hard\libsupc++_nano.a
END GROUP
LOAD C:/ST/STM32CubeIDE_1.16.0/STM32CubeIDE/plugins/com.st.stm32cube.ide.mcu.externaltools.gnu-tools-for-stm32.12.3.rel1.win32_1.0.200.202406191623/tools/bin/../lib/gcc/arm-none-eabi/12.3.1/../../../../arm-none-eabi/lib/thumb/v7e-m+fp/hard\libstdc++_nano.a
LOAD C:/ST/STM32CubeIDE_1.16.0/STM32CubeIDE/plugins/com.st.stm32cube.ide.mcu.externaltools.gnu-tools-for-stm32.12.3.rel1.win32_1.0.200.202406191623/tools/bin/../lib/gcc/arm-none-eabi/12.3.1/../../../../arm-none-eabi/lib/thumb/v7e-m+fp/hard\libm.a
LOAD C:/ST/STM32CubeIDE_1.16.0/STM32CubeIDE/plugins/com.st.stm32cube.ide.mcu.externaltools.gnu-tools-for-stm32.12.3.rel1.win32_1.0.200.202406191623/tools/bin/../lib/gcc/arm-none-eabi/12.3.1/../../../../arm-none-eabi/lib/thumb/v7e-m+fp/hard\libc_nano.a
START GROUP
LOAD C:/ST/STM32CubeIDE_1.16.0/STM32CubeIDE/plugins/com.st.stm32cube.ide.mcu.externaltools.gnu-tools-for-stm32.12.3.rel1.win32_1.0.200.202406191623/tools/bin/../lib/gcc/arm-none-eabi/12.3.1/thumb/v7e-m+fp/hard\libgcc.a
LOAD C:/ST/STM32CubeIDE_1.16.0/STM32CubeIDE/plugins/com.st.stm32cube.ide.mcu.externaltools.gnu-tools-for-stm32.12.3.rel1.win32_1.0.200.202406191623/tools/bin/../lib/gcc/arm-none-eabi/12.3.1/../../../../arm-none-eabi/lib/thumb/v7e-m+fp/hard\libc_nano.a
END GROUP
START GROUP
LOAD C:/ST/STM32CubeIDE_1.16.0/STM32CubeIDE/plugins/com.st.stm32cube.ide.mcu.externaltools.gnu-tools-for-stm32.12.3.rel1.win32_1.0.200.202406191623/tools/bin/../lib/gcc/arm-none-eabi/12.3.1/thumb/v7e-m+fp/hard\libgcc.a
LOAD C:/ST/STM32CubeIDE_1.16.0/STM32CubeIDE/plugins/com.st.stm32cube.ide.mcu.externaltools.gnu-tools-for-stm32.12.3.rel1.win32_1.0.200.202406191623/tools/bin/../lib/gcc/arm-none-eabi/12.3.1/../../../../arm-none-eabi/lib/thumb/v7e-m+fp/hard\libc_nano.a
END GROUP
LOAD C:/ST/STM32CubeIDE_1.16.0/STM32CubeIDE/plugins/com.st.stm32cube.ide.mcu.externaltools.gnu-tools-for-stm32.12.3.rel1.win32_1.0.200.202406191623/tools/bin/../lib/gcc/arm-none-eabi/12.3.1/thumb/v7e-m+fp/hard/crtend.o
LOAD C:/ST/STM32CubeIDE_1.16.0/STM32CubeIDE/plugins/com.st.stm32cube.ide.mcu.externaltools.gnu-tools-for-stm32.12.3.rel1.win32_1.0.200.202406191623/tools/bin/../lib/gcc/arm-none-eabi/12.3.1/thumb/v7e-m+fp/hard/crtn.o
                0x20010000                        _estack = (ORIGIN (RAM) + LENGTH (RAM))
                0x00000200                        _Min_Heap_Size = 0x200
                0x00000400                        _Min_Stack_Size = 0x400

.isr_vector     0x08000000      0x18c
                0x08000000                        . = ALIGN (0x4)
 *(.isr_vector)
 .isr_vector    0x08000000      0x18c ./Core/Startup/startup_stm32l432kcux.o
                0x08000000                g_pfnVectors
                0x0800018c                        . = ALIGN (0x4)

.text           0x0800018c      0x9ec
                0x0800018c                        . = ALIGN (0x4)
 *(.text)
 .text          0x0800018c       0x40 C:/ST/STM32CubeIDE_1.16.0/STM32CubeIDE/plugins/com.st.stm32cube.ide.mcu.externaltools.gnu-tools-for-stm32.12.3.rel1.win32_1.0.200.202406191623/tools/bin/../lib/gcc/arm-none-eabi/12.3.1/thumb/v7e-m+fp/hard/crtbegin.o
 .text          0x080001cc       0x10 C:/ST/STM32CubeIDE_1.16.0/STM32CubeIDE/plugins/com.st.stm32cube.ide.mcu.externaltools.gnu-tools-for-stm32.12.3.rel1.win32_1.0.200.202406191623/tools/bin/../lib/gcc/arm-none-eabi/12.3.1/../../../../arm-none-eabi/lib/thumb/v7e-m+fp/hard\libc_nano.a(libc_a-strlen.o)
                0x080001cc                strlen
 *(.text*)
 .text.__NVIC_EnableIRQ
                0x080001dc       0x3c ./Core/Src/main.o
 .text._Z8LED_InitmP12GPIO_TypeDef
                0x08000218       0x74 ./Core/Src/main.o
                0x08000218                LED_Init(unsigned long, GPIO_TypeDef*)
 .text._Z6LED_OnmP12GPIO_TypeDef
                0x0800028c       0x28 ./Core/Src/main.o
                0x0800028c                LED_On(unsigned long, GPIO_TypeDef*)
 .text._Z7LED_OffmP12GPIO_TypeDef
                0x080002b4       0x2a ./Core/Src/main.o
                0x080002b4                LED_Off(unsigned long, GPIO_TypeDef*)
 *fill*         0x080002de        0x2 
 .text._Z10set_led_onii
                0x080002e0       0x54 ./Core/Src/main.o
                0x080002e0                set_led_on(int, int)
 .text._Z15process_commandPcj
                0x08000334      0x144 ./Core/Src/main.o
                0x08000334                process_command(char*, unsigned int)
 .text._Z22read_command_from_uartPcj
                0x08000478      0x106 ./Core/Src/main.o
                0x08000478                read_command_from_uart(char*, unsigned int)
 *fill*         0x0800057e        0x2 
 .text.main     0x08000580       0x9c ./Core/Src/main.o
                0x08000580                main
 .text._Z15led0_timer_initm
                0x0800061c       0x98 ./Core/Src/main.o
                0x0800061c                led0_timer_init(unsigned long)
 .text.TIM2_IRQHandler
                0x080006b4       0x58 ./Core/Src/main.o
                0x080006b4                TIM2_IRQHandler
 .text._Z15led1_timer_initm
                0x0800070c       0x88 ./Core/Src/main.o
                0x0800070c                led1_timer_init(unsigned long)
 .text.TIM6_DAC_IRQHandler
                0x08000794       0x54 ./Core/Src/main.o
                0x08000794                TIM6_DAC_IRQHandler
 .text.SystemInit
                0x080007e8       0x24 ./Core/Src/system_stm32l4xx.o
                0x080007e8                SystemInit
 .text._ZN4Uart4initEi
                0x0800080c       0x6c ./Core/Src/uart.o
                0x0800080c                Uart::init(int)
 .text._ZN4Uart10write_byteEc
                0x08000878       0x3c ./Core/Src/uart.o
                0x08000878                Uart::write_byte(char)
 .text._ZN4Uart5writeEPKcj
                0x080008b4       0x58 ./Core/Src/uart.o
                0x080008b4                Uart::write(char const*, unsigned int)
 .text._ZN4Uart9read_byteEv
                0x0800090c       0x34 ./Core/Src/uart.o
                0x0800090c                Uart::read_byte()
 .text._ZN4Uart6ACK_OKEv
                0x08000940       0x14 ./Core/Src/uart.o
                0x08000940                Uart::ACK_OK()
 .text._ZN4Uart9ACK_ERROREv
                0x08000954       0x14 ./Core/Src/uart.o
                0x08000954                Uart::ACK_ERROR()
 .text._ZN4Uart11LED_OFF_ACKEi
                0x08000968       0x38 ./Core/Src/uart.o
                0x08000968                Uart::LED_OFF_ACK(int)
 .text.Reset_Handler
                0x080009a0       0x50 ./Core/Startup/startup_stm32l432kcux.o
                0x080009a0                Reset_Handler
 .text.Default_Handler
                0x080009f0        0x2 ./Core/Startup/startup_stm32l432kcux.o
                0x080009f0                RTC_Alarm_IRQHandler
                0x080009f0                EXTI2_IRQHandler
                0x080009f0                DebugMon_Handler
                0x080009f0                TIM1_CC_IRQHandler
                0x080009f0                TSC_IRQHandler
                0x080009f0                HardFault_Handler
                0x080009f0                SysTick_Handler
                0x080009f0                TAMP_STAMP_IRQHandler
                0x080009f0                PendSV_Handler
                0x080009f0                NMI_Handler
                0x080009f0                EXTI3_IRQHandler
                0x080009f0                LPTIM2_IRQHandler
                0x080009f0                I2C3_ER_IRQHandler
                0x080009f0                EXTI0_IRQHandler
                0x080009f0                CAN1_RX0_IRQHandler
                0x080009f0                FPU_IRQHandler
                0x080009f0                TIM1_UP_TIM16_IRQHandler
                0x080009f0                UsageFault_Handler
                0x080009f0                SPI1_IRQHandler
                0x080009f0                DMA2_Channel2_IRQHandler
                0x080009f0                DMA1_Channel4_IRQHandler
                0x080009f0                ADC1_IRQHandler
                0x080009f0                DMA1_Channel7_IRQHandler
                0x080009f0                CAN1_RX1_IRQHandler
                0x080009f0                DMA2_Channel1_IRQHandler
                0x080009f0                QUADSPI_IRQHandler
                0x080009f0                I2C1_EV_IRQHandler
                0x080009f0                DMA1_Channel6_IRQHandler
                0x080009f0                DMA2_Channel4_IRQHandler
                0x080009f0                RCC_IRQHandler
                0x080009f0                TIM1_TRG_COM_IRQHandler
                0x080009f0                DMA1_Channel1_IRQHandler
                0x080009f0                Default_Handler
                0x080009f0                DMA2_Channel7_IRQHandler
                0x080009f0                EXTI15_10_IRQHandler
                0x080009f0                TIM7_IRQHandler
                0x080009f0                I2C3_EV_IRQHandler
                0x080009f0                USB_IRQHandler
                0x080009f0                EXTI9_5_IRQHandler
                0x080009f0                RTC_WKUP_IRQHandler
                0x080009f0                PVD_PVM_IRQHandler
                0x080009f0                MemManage_Handler
                0x080009f0                CAN1_TX_IRQHandler
                0x080009f0                SVC_Handler
                0x080009f0                DMA2_Channel5_IRQHandler
                0x080009f0                CRS_IRQHandler
                0x080009f0                DMA1_Channel5_IRQHandler
                0x080009f0                EXTI4_IRQHandler
                0x080009f0                RNG_IRQHandler
                0x080009f0                DMA1_Channel3_IRQHandler
                0x080009f0                COMP_IRQHandler
                0x080009f0                WWDG_IRQHandler
                0x080009f0                LPUART1_IRQHandler
                0x080009f0                DMA2_Channel6_IRQHandler
                0x080009f0                EXTI1_IRQHandler
                0x080009f0                USART2_IRQHandler
                0x080009f0                DMA1_Channel2_IRQHandler
                0x080009f0                CAN1_SCE_IRQHandler
                0x080009f0                FLASH_IRQHandler
                0x080009f0                BusFault_Handler
                0x080009f0                USART1_IRQHandler
                0x080009f0                SPI3_IRQHandler
                0x080009f0                I2C1_ER_IRQHandler
                0x080009f0                SWPMI1_IRQHandler
                0x080009f0                LPTIM1_IRQHandler
                0x080009f0                SAI1_IRQHandler
                0x080009f0                DMA2_Channel3_IRQHandler
                0x080009f0                TIM1_BRK_TIM15_IRQHandler
 *fill*         0x080009f2        0x2 
 .text._strtol_l.constprop.0
                0x080009f4       0xf4 C:/ST/STM32CubeIDE_1.16.0/STM32CubeIDE/plugins/com.st.stm32cube.ide.mcu.externaltools.gnu-tools-for-stm32.12.3.rel1.win32_1.0.200.202406191623/tools/bin/../lib/gcc/arm-none-eabi/12.3.1/../../../../arm-none-eabi/lib/thumb/v7e-m+fp/hard\libc_nano.a(libc_a-strtol.o)
 .text.strtol   0x08000ae8       0x14 C:/ST/STM32CubeIDE_1.16.0/STM32CubeIDE/plugins/com.st.stm32cube.ide.mcu.externaltools.gnu-tools-for-stm32.12.3.rel1.win32_1.0.200.202406191623/tools/bin/../lib/gcc/arm-none-eabi/12.3.1/../../../../arm-none-eabi/lib/thumb/v7e-m+fp/hard\libc_nano.a(libc_a-strtol.o)
                0x08000ae8                strtol
 .text.memset   0x08000afc       0x10 C:/ST/STM32CubeIDE_1.16.0/STM32CubeIDE/plugins/com.st.stm32cube.ide.mcu.externaltools.gnu-tools-for-stm32.12.3.rel1.win32_1.0.200.202406191623/tools/bin/../lib/gcc/arm-none-eabi/12.3.1/../../../../arm-none-eabi/lib/thumb/v7e-m+fp/hard\libc_nano.a(libc_a-memset.o)
                0x08000afc                memset
 .text.__errno  0x08000b0c        0xc C:/ST/STM32CubeIDE_1.16.0/STM32CubeIDE/plugins/com.st.stm32cube.ide.mcu.externaltools.gnu-tools-for-stm32.12.3.rel1.win32_1.0.200.202406191623/tools/bin/../lib/gcc/arm-none-eabi/12.3.1/../../../../arm-none-eabi/lib/thumb/v7e-m+fp/hard\libc_nano.a(libc_a-errno.o)
                0x08000b0c                __errno
 .text.__libc_init_array
                0x08000b18       0x48 C:/ST/STM32CubeIDE_1.16.0/STM32CubeIDE/plugins/com.st.stm32cube.ide.mcu.externaltools.gnu-tools-for-stm32.12.3.rel1.win32_1.0.200.202406191623/tools/bin/../lib/gcc/arm-none-eabi/12.3.1/../../../../arm-none-eabi/lib/thumb/v7e-m+fp/hard\libc_nano.a(libc_a-init.o)
                0x08000b18                __libc_init_array
 *(.glue_7)
 .glue_7        0x08000b60        0x0 linker stubs
 *(.glue_7t)
 .glue_7t       0x08000b60        0x0 linker stubs
 *(.eh_frame)
 .eh_frame      0x08000b60        0x0 C:/ST/STM32CubeIDE_1.16.0/STM32CubeIDE/plugins/com.st.stm32cube.ide.mcu.externaltools.gnu-tools-for-stm32.12.3.rel1.win32_1.0.200.202406191623/tools/bin/../lib/gcc/arm-none-eabi/12.3.1/thumb/v7e-m+fp/hard/crtbegin.o
 *(.init)
 .init          0x08000b60        0x4 C:/ST/STM32CubeIDE_1.16.0/STM32CubeIDE/plugins/com.st.stm32cube.ide.mcu.externaltools.gnu-tools-for-stm32.12.3.rel1.win32_1.0.200.202406191623/tools/bin/../lib/gcc/arm-none-eabi/12.3.1/thumb/v7e-m+fp/hard/crti.o
                0x08000b60                _init
 .init          0x08000b64        0x8 C:/ST/STM32CubeIDE_1.16.0/STM32CubeIDE/plugins/com.st.stm32cube.ide.mcu.externaltools.gnu-tools-for-stm32.12.3.rel1.win32_1.0.200.202406191623/tools/bin/../lib/gcc/arm-none-eabi/12.3.1/thumb/v7e-m+fp/hard/crtn.o
 *(.fini)
 .fini          0x08000b6c        0x4 C:/ST/STM32CubeIDE_1.16.0/STM32CubeIDE/plugins/com.st.stm32cube.ide.mcu.externaltools.gnu-tools-for-stm32.12.3.rel1.win32_1.0.200.202406191623/tools/bin/../lib/gcc/arm-none-eabi/12.3.1/thumb/v7e-m+fp/hard/crti.o
                0x08000b6c                _fini
 .fini          0x08000b70        0x8 C:/ST/STM32CubeIDE_1.16.0/STM32CubeIDE/plugins/com.st.stm32cube.ide.mcu.externaltools.gnu-tools-for-stm32.12.3.rel1.win32_1.0.200.202406191623/tools/bin/../lib/gcc/arm-none-eabi/12.3.1/thumb/v7e-m+fp/hard/crtn.o
                0x08000b78                        . = ALIGN (0x4)
                0x08000b78                        _etext = .

.vfp11_veneer   0x08000b78        0x0
 .vfp11_veneer  0x08000b78        0x0 linker stubs

.v4_bx          0x08000b78        0x0
 .v4_bx         0x08000b78        0x0 linker stubs

.iplt           0x08000b78        0x0
 .iplt          0x08000b78        0x0 C:/ST/STM32CubeIDE_1.16.0/STM32CubeIDE/plugins/com.st.stm32cube.ide.mcu.externaltools.gnu-tools-for-stm32.12.3.rel1.win32_1.0.200.202406191623/tools/bin/../lib/gcc/arm-none-eabi/12.3.1/thumb/v7e-m+fp/hard/crtbegin.o

.rodata         0x08000b78      0x124
                0x08000b78                        . = ALIGN (0x4)
 *(.rodata)
 .rodata        0x08000b78        0x7 ./Core/Src/main.o
 *fill*         0x08000b7f        0x1 
 .rodata        0x08000b80       0x1a ./Core/Src/uart.o
 *(.rodata*)
 .rodata._ctype_
                0x08000b9a      0x101 C:/ST/STM32CubeIDE_1.16.0/STM32CubeIDE/plugins/com.st.stm32cube.ide.mcu.externaltools.gnu-tools-for-stm32.12.3.rel1.win32_1.0.200.202406191623/tools/bin/../lib/gcc/arm-none-eabi/12.3.1/../../../../arm-none-eabi/lib/thumb/v7e-m+fp/hard\libc_nano.a(libc_a-ctype_.o)
                0x08000b9a                _ctype_
                0x08000c9c                        . = ALIGN (0x4)
 *fill*         0x08000c9b        0x1 

.ARM.extab      0x08000c9c        0x0
                0x08000c9c                        . = ALIGN (0x4)
 *(.ARM.extab* .gnu.linkonce.armextab.*)
                0x08000c9c                        . = ALIGN (0x4)

.ARM            0x08000c9c        0x8
                0x08000c9c                        . = ALIGN (0x4)
                0x08000c9c                        __exidx_start = .
 *(.ARM.exidx*)
 .ARM.exidx     0x08000c9c        0x8 C:/ST/STM32CubeIDE_1.16.0/STM32CubeIDE/plugins/com.st.stm32cube.ide.mcu.externaltools.gnu-tools-for-stm32.12.3.rel1.win32_1.0.200.202406191623/tools/bin/../lib/gcc/arm-none-eabi/12.3.1/../../../../arm-none-eabi/lib/thumb/v7e-m+fp/hard\libc_nano.a(libc_a-strlen.o)
                0x08000ca4                        __exidx_end = .
                0x08000ca4                        . = ALIGN (0x4)

.preinit_array  0x08000ca4        0x0
                0x08000ca4                        . = ALIGN (0x4)
                0x08000ca4                        PROVIDE (__preinit_array_start = .)
 *(.preinit_array*)
                0x08000ca4                        PROVIDE (__preinit_array_end = .)
                0x08000ca4                        . = ALIGN (0x4)

.init_array     0x08000ca4        0x4
                0x08000ca4                        . = ALIGN (0x4)
                0x08000ca4                        PROVIDE (__init_array_start = .)
 *(SORT_BY_NAME(.init_array.*))
 *(.init_array*)
 .init_array    0x08000ca4        0x4 C:/ST/STM32CubeIDE_1.16.0/STM32CubeIDE/plugins/com.st.stm32cube.ide.mcu.externaltools.gnu-tools-for-stm32.12.3.rel1.win32_1.0.200.202406191623/tools/bin/../lib/gcc/arm-none-eabi/12.3.1/thumb/v7e-m+fp/hard/crtbegin.o
                0x08000ca8                        PROVIDE (__init_array_end = .)
                0x08000ca8                        . = ALIGN (0x4)

.fini_array     0x08000ca8        0x4
                0x08000ca8                        . = ALIGN (0x4)
                [!provide]                        PROVIDE (__fini_array_start = .)
 *(SORT_BY_NAME(.fini_array.*))
 *(.fini_array*)
 .fini_array    0x08000ca8        0x4 C:/ST/STM32CubeIDE_1.16.0/STM32CubeIDE/plugins/com.st.stm32cube.ide.mcu.externaltools.gnu-tools-for-stm32.12.3.rel1.win32_1.0.200.202406191623/tools/bin/../lib/gcc/arm-none-eabi/12.3.1/thumb/v7e-m+fp/hard/crtbegin.o
                [!provide]                        PROVIDE (__fini_array_end = .)
                0x08000cac                        . = ALIGN (0x4)
                0x08000cac                        _sidata = LOADADDR (.data)

.rel.dyn        0x08000cac        0x0
 .rel.iplt      0x08000cac        0x0 C:/ST/STM32CubeIDE_1.16.0/STM32CubeIDE/plugins/com.st.stm32cube.ide.mcu.externaltools.gnu-tools-for-stm32.12.3.rel1.win32_1.0.200.202406191623/tools/bin/../lib/gcc/arm-none-eabi/12.3.1/thumb/v7e-m+fp/hard/crtbegin.o

.data           0x20000000       0x54 load address 0x08000cac
                0x20000000                        . = ALIGN (0x4)
                0x20000000                        _sdata = .
 *(.data)
 *(.data*)
 .data.SystemCoreClock
                0x20000000        0x4 ./Core/Src/system_stm32l4xx.o
                0x20000000                SystemCoreClock
 .data._impure_ptr
                0x20000004        0x4 C:/ST/STM32CubeIDE_1.16.0/STM32CubeIDE/plugins/com.st.stm32cube.ide.mcu.externaltools.gnu-tools-for-stm32.12.3.rel1.win32_1.0.200.202406191623/tools/bin/../lib/gcc/arm-none-eabi/12.3.1/../../../../arm-none-eabi/lib/thumb/v7e-m+fp/hard\libc_nano.a(libc_a-impure.o)
                0x20000004                _impure_ptr
 .data._impure_data
                0x20000008       0x4c C:/ST/STM32CubeIDE_1.16.0/STM32CubeIDE/plugins/com.st.stm32cube.ide.mcu.externaltools.gnu-tools-for-stm32.12.3.rel1.win32_1.0.200.202406191623/tools/bin/../lib/gcc/arm-none-eabi/12.3.1/../../../../arm-none-eabi/lib/thumb/v7e-m+fp/hard\libc_nano.a(libc_a-impure.o)
                0x20000008                _impure_data
 *(.RamFunc)
 *(.RamFunc*)
                0x20000054                        . = ALIGN (0x4)
                0x20000054                        _edata = .

.igot.plt       0x20000054        0x0 load address 0x08000d00
 .igot.plt      0x20000054        0x0 C:/ST/STM32CubeIDE_1.16.0/STM32CubeIDE/plugins/com.st.stm32cube.ide.mcu.externaltools.gnu-tools-for-stm32.12.3.rel1.win32_1.0.200.202406191623/tools/bin/../lib/gcc/arm-none-eabi/12.3.1/thumb/v7e-m+fp/hard/crtbegin.o
                0x20000054                        . = ALIGN (0x4)

.bss            0x20000054      0x15c load address 0x08000d00
                0x20000054                        _sbss = .
                0x20000054                        __bss_start__ = _sbss
 *(.bss)
 .bss           0x20000054       0x1c C:/ST/STM32CubeIDE_1.16.0/STM32CubeIDE/plugins/com.st.stm32cube.ide.mcu.externaltools.gnu-tools-for-stm32.12.3.rel1.win32_1.0.200.202406191623/tools/bin/../lib/gcc/arm-none-eabi/12.3.1/thumb/v7e-m+fp/hard/crtbegin.o
 *(.bss*)
 .bss.led0_pin  0x20000070        0x4 ./Core/Src/main.o
                0x20000070                led0_pin
 .bss.led1_pin  0x20000074        0x4 ./Core/Src/main.o
                0x20000074                led1_pin
 .bss.__sf      0x20000078      0x138 C:/ST/STM32CubeIDE_1.16.0/STM32CubeIDE/plugins/com.st.stm32cube.ide.mcu.externaltools.gnu-tools-for-stm32.12.3.rel1.win32_1.0.200.202406191623/tools/bin/../lib/gcc/arm-none-eabi/12.3.1/../../../../arm-none-eabi/lib/thumb/v7e-m+fp/hard\libc_nano.a(libc_a-findfp.o)
                0x20000078                __sf
 *(COMMON)
                0x200001b0                        . = ALIGN (0x4)
                0x200001b0                        _ebss = .
                0x200001b0                        __bss_end__ = _ebss

._user_heap_stack
                0x200001b0      0x600 load address 0x08000d00
                0x200001b0                        . = ALIGN (0x8)
                [!provide]                        PROVIDE (end = .)
                [!provide]                        PROVIDE (_end = .)
                0x200003b0                        . = (. + _Min_Heap_Size)
 *fill*         0x200001b0      0x200 
                0x200007b0                        . = (. + _Min_Stack_Size)
 *fill*         0x200003b0      0x400 
                0x200007b0                        . = ALIGN (0x8)

/DISCARD/
 libc.a(*)
 libm.a(*)
 libgcc.a(*)

.ARM.attributes
                0x00000000       0x30
 *(.ARM.attributes)
 .ARM.attributes
                0x00000000       0x22 C:/ST/STM32CubeIDE_1.16.0/STM32CubeIDE/plugins/com.st.stm32cube.ide.mcu.externaltools.gnu-tools-for-stm32.12.3.rel1.win32_1.0.200.202406191623/tools/bin/../lib/gcc/arm-none-eabi/12.3.1/thumb/v7e-m+fp/hard/crti.o
 .ARM.attributes
                0x00000022       0x34 C:/ST/STM32CubeIDE_1.16.0/STM32CubeIDE/plugins/com.st.stm32cube.ide.mcu.externaltools.gnu-tools-for-stm32.12.3.rel1.win32_1.0.200.202406191623/tools/bin/../lib/gcc/arm-none-eabi/12.3.1/thumb/v7e-m+fp/hard/crtbegin.o
 .ARM.attributes
                0x00000056       0x34 ./Core/Src/main.o
 .ARM.attributes
                0x0000008a       0x34 ./Core/Src/system_stm32l4xx.o
 .ARM.attributes
                0x000000be       0x34 ./Core/Src/uart.o
 .ARM.attributes
                0x000000f2       0x21 ./Core/Startup/startup_stm32l432kcux.o
 .ARM.attributes
                0x00000113       0x34 C:/ST/STM32CubeIDE_1.16.0/STM32CubeIDE/plugins/com.st.stm32cube.ide.mcu.externaltools.gnu-tools-for-stm32.12.3.rel1.win32_1.0.200.202406191623/tools/bin/../lib/gcc/arm-none-eabi/12.3.1/../../../../arm-none-eabi/lib/thumb/v7e-m+fp/hard\libc_nano.a(libc_a-strtol.o)
 .ARM.attributes
                0x00000147       0x34 C:/ST/STM32CubeIDE_1.16.0/STM32CubeIDE/plugins/com.st.stm32cube.ide.mcu.externaltools.gnu-tools-for-stm32.12.3.rel1.win32_1.0.200.202406191623/tools/bin/../lib/gcc/arm-none-eabi/12.3.1/../../../../arm-none-eabi/lib/thumb/v7e-m+fp/hard\libc_nano.a(libc_a-ctype_.o)
 .ARM.attributes
                0x0000017b       0x34 C:/ST/STM32CubeIDE_1.16.0/STM32CubeIDE/plugins/com.st.stm32cube.ide.mcu.externaltools.gnu-tools-for-stm32.12.3.rel1.win32_1.0.200.202406191623/tools/bin/../lib/gcc/arm-none-eabi/12.3.1/../../../../arm-none-eabi/lib/thumb/v7e-m+fp/hard\libc_nano.a(libc_a-findfp.o)
 .ARM.attributes
                0x000001af       0x34 C:/ST/STM32CubeIDE_1.16.0/STM32CubeIDE/plugins/com.st.stm32cube.ide.mcu.externaltools.gnu-tools-for-stm32.12.3.rel1.win32_1.0.200.202406191623/tools/bin/../lib/gcc/arm-none-eabi/12.3.1/../../../../arm-none-eabi/lib/thumb/v7e-m+fp/hard\libc_nano.a(libc_a-memset.o)
 .ARM.attributes
                0x000001e3       0x34 C:/ST/STM32CubeIDE_1.16.0/STM32CubeIDE/plugins/com.st.stm32cube.ide.mcu.externaltools.gnu-tools-for-stm32.12.3.rel1.win32_1.0.200.202406191623/tools/bin/../lib/gcc/arm-none-eabi/12.3.1/../../../../arm-none-eabi/lib/thumb/v7e-m+fp/hard\libc_nano.a(libc_a-impure.o)
 .ARM.attributes
                0x00000217       0x34 C:/ST/STM32CubeIDE_1.16.0/STM32CubeIDE/plugins/com.st.stm32cube.ide.mcu.externaltools.gnu-tools-for-stm32.12.3.rel1.win32_1.0.200.202406191623/tools/bin/../lib/gcc/arm-none-eabi/12.3.1/../../../../arm-none-eabi/lib/thumb/v7e-m+fp/hard\libc_nano.a(libc_a-errno.o)
 .ARM.attributes
                0x0000024b       0x34 C:/ST/STM32CubeIDE_1.16.0/STM32CubeIDE/plugins/com.st.stm32cube.ide.mcu.externaltools.gnu-tools-for-stm32.12.3.rel1.win32_1.0.200.202406191623/tools/bin/../lib/gcc/arm-none-eabi/12.3.1/../../../../arm-none-eabi/lib/thumb/v7e-m+fp/hard\libc_nano.a(libc_a-init.o)
 .ARM.attributes
                0x0000027f       0x17 C:/ST/STM32CubeIDE_1.16.0/STM32CubeIDE/plugins/com.st.stm32cube.ide.mcu.externaltools.gnu-tools-for-stm32.12.3.rel1.win32_1.0.200.202406191623/tools/bin/../lib/gcc/arm-none-eabi/12.3.1/../../../../arm-none-eabi/lib/thumb/v7e-m+fp/hard\libc_nano.a(libc_a-strlen.o)
 .ARM.attributes
                0x00000296       0x22 C:/ST/STM32CubeIDE_1.16.0/STM32CubeIDE/plugins/com.st.stm32cube.ide.mcu.externaltools.gnu-tools-for-stm32.12.3.rel1.win32_1.0.200.202406191623/tools/bin/../lib/gcc/arm-none-eabi/12.3.1/thumb/v7e-m+fp/hard/crtn.o
OUTPUT(TestTask.elf elf32-littlearm)
LOAD linker stubs
LOAD C:/ST/STM32CubeIDE_1.16.0/STM32CubeIDE/plugins/com.st.stm32cube.ide.mcu.externaltools.gnu-tools-for-stm32.12.3.rel1.win32_1.0.200.202406191623/tools/bin/../lib/gcc/arm-none-eabi/12.3.1/../../../../arm-none-eabi/lib/thumb/v7e-m+fp/hard\libc.a
LOAD C:/ST/STM32CubeIDE_1.16.0/STM32CubeIDE/plugins/com.st.stm32cube.ide.mcu.externaltools.gnu-tools-for-stm32.12.3.rel1.win32_1.0.200.202406191623/tools/bin/../lib/gcc/arm-none-eabi/12.3.1/../../../../arm-none-eabi/lib/thumb/v7e-m+fp/hard\libm.a
LOAD C:/ST/STM32CubeIDE_1.16.0/STM32CubeIDE/plugins/com.st.stm32cube.ide.mcu.externaltools.gnu-tools-for-stm32.12.3.rel1.win32_1.0.200.202406191623/tools/bin/../lib/gcc/arm-none-eabi/12.3.1/thumb/v7e-m+fp/hard\libgcc.a

.debug_info     0x00000000     0x34c3
 .debug_info    0x00000000     0x1ef8 ./Core/Src/main.o
 .debug_info    0x00001ef8      0x5b8 ./Core/Src/system_stm32l4xx.o
 .debug_info    0x000024b0      0xfe3 ./Core/Src/uart.o
 .debug_info    0x00003493       0x30 ./Core/Startup/startup_stm32l432kcux.o

.debug_abbrev   0x00000000      0x832
 .debug_abbrev  0x00000000      0x427 ./Core/Src/main.o
 .debug_abbrev  0x00000427      0x11a ./Core/Src/system_stm32l4xx.o
 .debug_abbrev  0x00000541      0x2cd ./Core/Src/uart.o
 .debug_abbrev  0x0000080e       0x24 ./Core/Startup/startup_stm32l432kcux.o

.debug_aranges  0x00000000      0x118
 .debug_aranges
                0x00000000       0x78 ./Core/Src/main.o
 .debug_aranges
                0x00000078       0x28 ./Core/Src/system_stm32l4xx.o
 .debug_aranges
                0x000000a0       0x50 ./Core/Src/uart.o
 .debug_aranges
                0x000000f0       0x28 ./Core/Startup/startup_stm32l432kcux.o

.debug_rnglists
                0x00000000       0xc4
 .debug_rnglists
                0x00000000       0x5a ./Core/Src/main.o
 .debug_rnglists
                0x0000005a       0x1a ./Core/Src/system_stm32l4xx.o
 .debug_rnglists
                0x00000074       0x37 ./Core/Src/uart.o
 .debug_rnglists
                0x000000ab       0x19 ./Core/Startup/startup_stm32l432kcux.o

.debug_macro    0x00000000    0x1a2ac
 .debug_macro   0x00000000      0x277 ./Core/Src/main.o
 .debug_macro   0x00000277      0xb8c ./Core/Src/main.o
 .debug_macro   0x00000e03      0x1d6 ./Core/Src/main.o
 .debug_macro   0x00000fd9       0x10 ./Core/Src/main.o
 .debug_macro   0x00000fe9      0x417 ./Core/Src/main.o
 .debug_macro   0x00001400       0x10 ./Core/Src/main.o
 .debug_macro   0x00001410       0x2a ./Core/Src/main.o
 .debug_macro   0x0000143a       0x22 ./Core/Src/main.o
 .debug_macro   0x0000145c       0x5b ./Core/Src/main.o
 .debug_macro   0x000014b7       0x94 ./Core/Src/main.o
 .debug_macro   0x0000154b       0x43 ./Core/Src/main.o
 .debug_macro   0x0000158e       0x34 ./Core/Src/main.o
 .debug_macro   0x000015c2       0x16 ./Core/Src/main.o
 .debug_macro   0x000015d8      0x11c ./Core/Src/main.o
 .debug_macro   0x000016f4       0x9b ./Core/Src/main.o
 .debug_macro   0x0000178f       0x16 ./Core/Src/main.o
 .debug_macro   0x000017a5       0x43 ./Core/Src/main.o
 .debug_macro   0x000017e8       0x57 ./Core/Src/main.o
 .debug_macro   0x0000183f       0x34 ./Core/Src/main.o
 .debug_macro   0x00001873       0x10 ./Core/Src/main.o
 .debug_macro   0x00001883       0x58 ./Core/Src/main.o
 .debug_macro   0x000018db       0x8e ./Core/Src/main.o
 .debug_macro   0x00001969       0x16 ./Core/Src/main.o
 .debug_macro   0x0000197f      0x177 ./Core/Src/main.o
 .debug_macro   0x00001af6      0x38c ./Core/Src/main.o
 .debug_macro   0x00001e82       0x16 ./Core/Src/main.o
 .debug_macro   0x00001e98       0x29 ./Core/Src/main.o
 .debug_macro   0x00001ec1       0x1c ./Core/Src/main.o
 .debug_macro   0x00001edd       0xde ./Core/Src/main.o
 .debug_macro   0x00001fbb       0x1c ./Core/Src/main.o
 .debug_macro   0x00001fd7      0x103 ./Core/Src/main.o
 .debug_macro   0x000020da       0x6a ./Core/Src/main.o
 .debug_macro   0x00002144      0x1df ./Core/Src/main.o
 .debug_macro   0x00002323       0x16 ./Core/Src/main.o
 .debug_macro   0x00002339       0x35 ./Core/Src/main.o
 .debug_macro   0x0000236e       0x20 ./Core/Src/main.o
 .debug_macro   0x0000238e       0x8e ./Core/Src/main.o
 .debug_macro   0x0000241c       0x64 ./Core/Src/main.o
 .debug_macro   0x00002480       0x2e ./Core/Src/main.o
 .debug_macro   0x000024ae       0x28 ./Core/Src/main.o
 .debug_macro   0x000024d6       0x1c ./Core/Src/main.o
 .debug_macro   0x000024f2       0x22 ./Core/Src/main.o
 .debug_macro   0x00002514       0xfb ./Core/Src/main.o
 .debug_macro   0x0000260f     0x1011 ./Core/Src/main.o
 .debug_macro   0x00003620      0x11f ./Core/Src/main.o
 .debug_macro   0x0000373f    0x147a6 ./Core/Src/main.o
 .debug_macro   0x00017ee5       0x6d ./Core/Src/main.o
 .debug_macro   0x00017f52       0x1c ./Core/Src/main.o
 .debug_macro   0x00017f6e       0x10 ./Core/Src/main.o
 .debug_macro   0x00017f7e       0x1c ./Core/Src/main.o
 .debug_macro   0x00017f9a       0x16 ./Core/Src/main.o
 .debug_macro   0x00017fb0      0x138 ./Core/Src/main.o
 .debug_macro   0x000180e8      0x11d ./Core/Src/main.o
 .debug_macro   0x00018205       0xe0 ./Core/Src/system_stm32l4xx.o
 .debug_macro   0x000182e5      0xab4 ./Core/Src/system_stm32l4xx.o
 .debug_macro   0x00018d99       0x8e ./Core/Src/system_stm32l4xx.o
 .debug_macro   0x00018e27       0x51 ./Core/Src/system_stm32l4xx.o
 .debug_macro   0x00018e78     0x1011 ./Core/Src/system_stm32l4xx.o
 .debug_macro   0x00019e89      0x1e6 ./Core/Src/uart.o
 .debug_macro   0x0001a06f       0x61 ./Core/Src/uart.o
 .debug_macro   0x0001a0d0       0x16 ./Core/Src/uart.o
 .debug_macro   0x0001a0e6       0x9e ./Core/Src/uart.o
 .debug_macro   0x0001a184      0x112 ./Core/Src/uart.o
 .debug_macro   0x0001a296       0x16 ./Core/Src/uart.o

.debug_line     0x00000000     0x1c98
 .debug_line    0x00000000      0xd6b ./Core/Src/main.o
 .debug_line    0x00000d6b      0x572 ./Core/Src/system_stm32l4xx.o
 .debug_line    0x000012dd      0x941 ./Core/Src/uart.o
 .debug_line    0x00001c1e       0x7a ./Core/Startup/startup_stm32l432kcux.o

.debug_str      0x00000000    0x82dda
 .debug_str     0x00000000    0x82a4b ./Core/Src/main.o
                              0x82f3f (size before relaxing)
 .debug_str     0x00082a4b      0x315 ./Core/Src/system_stm32l4xx.o
                              0x7c392 (size before relaxing)
 .debug_str     0x00082d60       0x36 ./Core/Src/uart.o
                              0x821ec (size before relaxing)
 .debug_str     0x00082d96       0x44 ./Core/Startup/startup_stm32l432kcux.o
                                 0x7f (size before relaxing)

.comment        0x00000000       0x43
 .comment       0x00000000       0x43 ./Core/Src/main.o
                                 0x44 (size before relaxing)
 .comment       0x00000043       0x44 ./Core/Src/system_stm32l4xx.o
 .comment       0x00000043       0x44 ./Core/Src/uart.o

.debug_frame    0x00000000      0x52c
 .debug_frame   0x00000000      0x1bc ./Core/Src/main.o
 .debug_frame   0x000001bc       0x58 ./Core/Src/system_stm32l4xx.o
 .debug_frame   0x00000214      0x104 ./Core/Src/uart.o
 .debug_frame   0x00000318       0x64 C:/ST/STM32CubeIDE_1.16.0/STM32CubeIDE/plugins/com.st.stm32cube.ide.mcu.externaltools.gnu-tools-for-stm32.12.3.rel1.win32_1.0.200.202406191623/tools/bin/../lib/gcc/arm-none-eabi/12.3.1/../../../../arm-none-eabi/lib/thumb/v7e-m+fp/hard\libc_nano.a(libc_a-strtol.o)
 .debug_frame   0x0000037c      0x144 C:/ST/STM32CubeIDE_1.16.0/STM32CubeIDE/plugins/com.st.stm32cube.ide.mcu.externaltools.gnu-tools-for-stm32.12.3.rel1.win32_1.0.200.202406191623/tools/bin/../lib/gcc/arm-none-eabi/12.3.1/../../../../arm-none-eabi/lib/thumb/v7e-m+fp/hard\libc_nano.a(libc_a-findfp.o)
 .debug_frame   0x000004c0       0x20 C:/ST/STM32CubeIDE_1.16.0/STM32CubeIDE/plugins/com.st.stm32cube.ide.mcu.externaltools.gnu-tools-for-stm32.12.3.rel1.win32_1.0.200.202406191623/tools/bin/../lib/gcc/arm-none-eabi/12.3.1/../../../../arm-none-eabi/lib/thumb/v7e-m+fp/hard\libc_nano.a(libc_a-memset.o)
 .debug_frame   0x000004e0       0x20 C:/ST/STM32CubeIDE_1.16.0/STM32CubeIDE/plugins/com.st.stm32cube.ide.mcu.externaltools.gnu-tools-for-stm32.12.3.rel1.win32_1.0.200.202406191623/tools/bin/../lib/gcc/arm-none-eabi/12.3.1/../../../../arm-none-eabi/lib/thumb/v7e-m+fp/hard\libc_nano.a(libc_a-errno.o)
 .debug_frame   0x00000500       0x2c C:/ST/STM32CubeIDE_1.16.0/STM32CubeIDE/plugins/com.st.stm32cube.ide.mcu.externaltools.gnu-tools-for-stm32.12.3.rel1.win32_1.0.200.202406191623/tools/bin/../lib/gcc/arm-none-eabi/12.3.1/../../../../arm-none-eabi/lib/thumb/v7e-m+fp/hard\libc_nano.a(libc_a-init.o)

.debug_line_str
                0x00000000       0x63
 .debug_line_str
                0x00000000       0x63 ./Core/Startup/startup_stm32l432kcux.o
