../Core/Src/uart.cpp:10:6:static void Uart::init(int)	0	static
../Core/Src/uart.cpp:24:7:static void Uart::write_byte(char)	0	static
../Core/Src/uart.cpp:30:7:static void Uart::write(const char*, size_t)	0	static
../Core/Src/uart.cpp:40:7:static char Uart::read_byte()	0	static
../Core/Src/uart.cpp:49:7:static void Uart::read(char*, size_t)	8	static
../Core/Src/uart.cpp:60:7:static void Uart::ACK_OK()	0	static
../Core/Src/uart.cpp:65:7:static void Uart::ACK_ERROR()	0	static
../Core/Src/uart.cpp:70:7:static void Uart::LED_OFF_ACK(int)	8	static
